✔ route selection covers Neuquén and Cipolletti demo routes (0.8901ms)
✔ street test destinations expose demo labels and route points (0.2024ms)
✔ route progress interpolates through real coordinates (0.6992ms)
✔ rider location parser normalizes GPS metadata and rejects invalid points (0.2137ms)
✔ GPS quality filters reject invalid, stale, inaccurate and impossible fixes (0.391ms)
✔ GPS policy reduces writes but still publishes max-age and status changes (0.2757ms)
✔ GPS policy accepts good fixes and rejects weak replacements or jumps (0.1614ms)
✔ map fallback is explicit for unsupported WebGL, style and tile failures (3.324ms)
✔ MapLibre uses the public light OpenFreeMap style (0.1382ms)
✔ rider marker class reflects status and source (0.4501ms)
✔ el pin del local dice COMERCIO: bordó, aro dorado y una vitrina blanca (0.3581ms)
✔ el pin del destino dice CASA: dorado, aro blanco y techo a dos aguas (0.2023ms)
✔ local, destino y rider no comparten ni glifo ni color: se distinguen sin leer (0.2645ms)
✔ cambiar el glifo no mueve el punto: los dos pines conservan silueta y lienzo (0.1843ms)
✔ rider avatar keeps a profile helmet separate from the map marker (0.2244ms)
✔ chooseRiderLocation prioriza GPS real sobre simulación (0.138ms)
✔ chooseRiderLocation returns to simulation only when GPS is stale (0.0936ms)
✔ chooseRiderLocation usa el fix más nuevo si la fuente es la misma (0.0853ms)
✔ chooseRiderLocation ignora coordenadas inválidas y soporta nulls (0.0807ms)
✔ hasLiveRiderLocation solo es true con GPS real y reciente (0.1748ms)
✔ un último fix fresco se comparte sin presentarse como seguimiento activo (0.1172ms)
✔ isLocationStale marca como vieja una ubicación pasada el umbral (0.0791ms)
✔ shouldRenderLocationUpdate throttles tiny visual updates (0.1561ms)
✔ shouldRenderGpsFix throttles noisy marker updates (0.1513ms)
✔ MapLibre keeps one map and one rider Marker node across GPS updates (27.8276ms)
✔ el gesto del cliente suspende el seguimiento y el mapa deja de mover la cámara (0.7327ms)
✔ volver a primer plano planta el fix siguiente en vez de caminar desde el pasado (0.8306ms)
✔ control: sin volver de segundo plano, ese mismo fix se recorre (no se planta) (0.4851ms)
✔ volver al rider recupera cámara, zoom útil y seguimiento (0.358ms)
✔ el halo de precisión dibuja los metros que informa el fix (0.6133ms)
✔ sin precisión informada no se dibuja ningún halo (0.5967ms)
✔ el círculo de precisión mide en metros reales, no en píxeles (0.1486ms)
✔ perder frescura conserva al rider en su última posición conocida (0.364ms)
✔ sandbox mounts one verified route source while production stays rider-only (0.7718ms)
✔ rider map uses the light commercial MapLibre style (9.9697ms)
✔ without a real GPS fix the map renders no rider marker (16.0193ms)
✔ un fix con coordenadas inválidas no entra (0.9354ms)
✔ un fix con el reloj adelantado no entra (0.9275ms)
✔ un fix más viejo que el último aceptado no entra (0.1668ms)
✔ un fix con precisión fuera de rango no entra (0.1318ms)
✔ un salto a velocidad imposible no entra (0.1854ms)
✔ un fix feo pero posible SÍ entra: la coordenada del backend es la verdad (0.1453ms)
✔ la duración del tramo sale de la cadencia real y queda acotada (0.1294ms)
✔ el easing arranca y frena suave (0.1579ms)
✔ el primer fix se planta sin animar: no hay de dónde venir (0.8548ms)
✔ entre dos fixes el marcador recorre el tramo en vez de teletransportarse (0.2918ms)
✔ la posición visual nunca se adelanta al último fix medido (0.2082ms)
✔ la posición medida y la visual son cosas distintas y no se contaminan (0.2108ms)
✔ un salto largo converge acotado en vez de fingir un recorrido (0.1445ms)
✔ volver de una desconexión converge rápido en vez de recorrer el hueco (0.1937ms)
✔ el hueco de la reconexión no sube la vara para el fix siguiente (0.1707ms)
✔ un fix nuevo a mitad de tramo arranca desde donde SE VE el marcador (0.1657ms)
✔ con prefers-reduced-motion no se interpola nada (0.1306ms)
✔ el jitter real del equipo quieto no dispara movimiento visible (0.303ms)
✔ los sondeos espaciados del segundo plano no se vuelven la cadencia del reparto (0.2854ms)
✔ volver a primer plano: el fix siguiente se planta donde está, sin caminar desde el pasado (0.2628ms)
✔ resume conserva la guardia: un fix viejo o repetido después de volver no entra (0.137ms)
✔ reset deja el motor como recién creado (0.1094ms)
✔ presentation absorbs metre jitter but keeps the real measurement and freshness (2.3489ms)
✔ presentation never replays a delayed fix or a background route, even with smoothing enabled (0.3103ms)
ℹ tests 60
ℹ suites 0
ℹ pass 60
ℹ fail 0
ℹ cancelled 0
ℹ skipped 0
ℹ todo 0
ℹ duration_ms 206.8534
