[WebServer] (node:21964) Warning: The 'NO_COLOR' env is ignored due to the 'FORCE_COLOR' env being set.
[WebServer] (Use `node --trace-warnings ...` to show where the warning was created)

Running 8 tests using 1 worker

(node:2296) Warning: The 'NO_COLOR' env is ignored due to the 'FORCE_COLOR' env being set.
(Use `node --trace-warnings ...` to show where the warning was created)
(node:2296) Warning: The 'NO_COLOR' env is ignored due to the 'FORCE_COLOR' env being set.
(Use `node --trace-warnings ...` to show where the warning was created)
  ok 1 [android-chromium] › tests\e2e\tracking-premium.spec.mjs:9:1 › rider auto focus, manual override, recenter and new fixes keep one connected map (8.8s)
  ok 2 [android-chromium] › tests\e2e\tracking-premium.spec.mjs:148:1 › background resume preserves explore; rejected history and metre jitter never move the camera (9.0s)
(node:856) Warning: The 'NO_COLOR' env is ignored due to the 'FORCE_COLOR' env being set.
(Use `node --trace-warnings ...` to show where the warning was created)
(node:856) Warning: The 'NO_COLOR' env is ignored due to the 'FORCE_COLOR' env being set.
(Use `node --trace-warnings ...` to show where the warning was created)
  ok 3 [iphone-webkit] › tests\e2e\tracking-premium.spec.mjs:9:1 › rider auto focus, manual override, recenter and new fixes keep one connected map (7.8s)
  ok 4 [iphone-webkit] › tests\e2e\tracking-premium.spec.mjs:148:1 › background resume preserves explore; rejected history and metre jitter never move the camera (8.5s)
(node:23828) Warning: The 'NO_COLOR' env is ignored due to the 'FORCE_COLOR' env being set.
(Use `node --trace-warnings ...` to show where the warning was created)
(node:23828) Warning: The 'NO_COLOR' env is ignored due to the 'FORCE_COLOR' env being set.
(Use `node --trace-warnings ...` to show where the warning was created)
  ok 5 [desktop-chromium] › tests\e2e\tracking-premium.spec.mjs:9:1 › rider auto focus, manual override, recenter and new fixes keep one connected map (6.9s)
  ok 6 [desktop-chromium] › tests\e2e\tracking-premium.spec.mjs:148:1 › background resume preserves explore; rejected history and metre jitter never move the camera (8.5s)
(node:6784) Warning: The 'NO_COLOR' env is ignored due to the 'FORCE_COLOR' env being set.
(Use `node --trace-warnings ...` to show where the warning was created)
(node:6784) Warning: The 'NO_COLOR' env is ignored due to the 'FORCE_COLOR' env being set.
(Use `node --trace-warnings ...` to show where the warning was created)
  ok 7 [desktop-webkit] › tests\e2e\tracking-premium.spec.mjs:9:1 › rider auto focus, manual override, recenter and new fixes keep one connected map (9.4s)
  ok 8 [desktop-webkit] › tests\e2e\tracking-premium.spec.mjs:148:1 › background resume preserves explore; rejected history and metre jitter never move the camera (8.5s)

  8 passed (1.2m)
