[WebServer] (node:24384) Warning: The 'NO_COLOR' env is ignored due to the 'FORCE_COLOR' env being set.
[WebServer] (Use `node --trace-warnings ...` to show where the warning was created)

Running 4 tests using 1 worker

(node:12256) Warning: The 'NO_COLOR' env is ignored due to the 'FORCE_COLOR' env being set.
(Use `node --trace-warnings ...` to show where the warning was created)
(node:12256) Warning: The 'NO_COLOR' env is ignored due to the 'FORCE_COLOR' env being set.
(Use `node --trace-warnings ...` to show where the warning was created)
  ok 1 [android-chromium] › tests\e2e\tracking-premium.spec.mjs:9:1 › rider auto focus, manual override, recenter and new fixes keep one connected map (8.3s)
(node:24240) Warning: The 'NO_COLOR' env is ignored due to the 'FORCE_COLOR' env being set.
(Use `node --trace-warnings ...` to show where the warning was created)
(node:24240) Warning: The 'NO_COLOR' env is ignored due to the 'FORCE_COLOR' env being set.
(Use `node --trace-warnings ...` to show where the warning was created)
  ok 2 [iphone-webkit] › tests\e2e\tracking-premium.spec.mjs:9:1 › rider auto focus, manual override, recenter and new fixes keep one connected map (7.9s)
(node:12292) Warning: The 'NO_COLOR' env is ignored due to the 'FORCE_COLOR' env being set.
(Use `node --trace-warnings ...` to show where the warning was created)
(node:12292) Warning: The 'NO_COLOR' env is ignored due to the 'FORCE_COLOR' env being set.
(Use `node --trace-warnings ...` to show where the warning was created)
  ok 3 [desktop-chromium] › tests\e2e\tracking-premium.spec.mjs:9:1 › rider auto focus, manual override, recenter and new fixes keep one connected map (7.0s)
(node:23820) Warning: The 'NO_COLOR' env is ignored due to the 'FORCE_COLOR' env being set.
(Use `node --trace-warnings ...` to show where the warning was created)
(node:23820) Warning: The 'NO_COLOR' env is ignored due to the 'FORCE_COLOR' env being set.
(Use `node --trace-warnings ...` to show where the warning was created)
  ok 4 [desktop-webkit] › tests\e2e\tracking-premium.spec.mjs:9:1 › rider auto focus, manual override, recenter and new fixes keep one connected map (6.9s)

  4 passed (33.1s)
