✔ un error de estilo avisa al consumidor para reemplazar el canvas (4.733ms)
✔ route selection covers Neuquén and Cipolletti demo routes (0.994ms)
✔ street test destinations expose demo labels and route points (0.2455ms)
✔ route progress interpolates through real coordinates (0.8645ms)
✔ rider location parser normalizes GPS metadata and rejects invalid points (0.3865ms)
✔ GPS quality filters reject invalid, stale, inaccurate and impossible fixes (0.466ms)
✔ GPS policy reduces writes but still publishes max-age and status changes (0.3063ms)
✔ GPS policy accepts good fixes and rejects weak replacements or jumps (0.1924ms)
✔ map fallback is explicit for unsupported WebGL, style and tile failures (3.6901ms)
✔ MapLibre uses the public light OpenFreeMap style (0.1434ms)
✔ rider marker class reflects status and source (0.6158ms)
✔ el pin del local dice COMERCIO: bordó, aro dorado y una vitrina blanca (0.4152ms)
✔ el pin del destino dice CASA: dorado, aro blanco y techo a dos aguas (0.2361ms)
✔ local, destino y rider no comparten ni glifo ni color: se distinguen sin leer (0.3831ms)
✔ cambiar el glifo no mueve el punto: los dos pines conservan silueta y lienzo (0.2327ms)
✔ rider avatar keeps a profile helmet separate from the map marker (0.3641ms)
✔ chooseRiderLocation prioriza GPS real sobre simulación (0.1661ms)
✔ chooseRiderLocation returns to simulation only when GPS is stale (0.1213ms)
✔ chooseRiderLocation usa el fix más nuevo si la fuente es la misma (0.0931ms)
✔ chooseRiderLocation ignora coordenadas inválidas y soporta nulls (0.0849ms)
✔ hasLiveRiderLocation solo es true con GPS real y reciente (0.2023ms)
✔ un último fix fresco se comparte sin presentarse como seguimiento activo (0.1302ms)
✔ isLocationStale marca como vieja una ubicación pasada el umbral (0.0878ms)
✔ shouldRenderLocationUpdate throttles tiny visual updates (0.178ms)
✔ shouldRenderGpsFix throttles noisy marker updates (0.1733ms)
✔ MapLibre keeps one map and one rider Marker node across GPS updates (38.9992ms)
✔ el gesto del cliente suspende el seguimiento y el mapa deja de mover la cámara (1.0487ms)
✔ volver a primer plano planta el fix siguiente en vez de caminar desde el pasado (1.1741ms)
✔ control: sin volver de segundo plano, ese mismo fix se recorre (no se planta) (0.6641ms)
✔ volver al rider recupera cámara, zoom útil y seguimiento (0.4552ms)
✔ el halo de precisión dibuja los metros que informa el fix (0.4379ms)
✔ sin precisión informada no se dibuja ningún halo (0.4108ms)
✔ el círculo de precisión mide en metros reales, no en píxeles (0.1906ms)
✔ perder frescura conserva al rider en su última posición conocida (0.4734ms)
✔ sandbox mounts one verified route source while production stays rider-only (0.7617ms)
✔ rider map uses the light commercial MapLibre style (9.4581ms)
✔ without a real GPS fix the map renders no rider marker (16.3708ms)
✔ un fix con coordenadas inválidas no entra (1.8028ms)
✔ un fix con el reloj adelantado no entra (1.5238ms)
✔ un fix más viejo que el último aceptado no entra (0.2931ms)
✔ un fix con precisión fuera de rango no entra (0.242ms)
✔ un salto a velocidad imposible no entra (0.2765ms)
✔ un fix feo pero posible SÍ entra: la coordenada del backend es la verdad (0.2514ms)
✔ la duración del tramo sale de la cadencia real y queda acotada (0.1864ms)
✔ el easing arranca y frena suave (0.2269ms)
✔ el primer fix se planta sin animar: no hay de dónde venir (1.3034ms)
✔ entre dos fixes el marcador recorre el tramo en vez de teletransportarse (0.441ms)
✔ la posición visual nunca se adelanta al último fix medido (0.3202ms)
✔ la posición medida y la visual son cosas distintas y no se contaminan (0.2952ms)
✔ un salto largo converge acotado en vez de fingir un recorrido (0.2031ms)
✔ volver de una desconexión converge rápido en vez de recorrer el hueco (0.2974ms)
✔ el hueco de la reconexión no sube la vara para el fix siguiente (0.2558ms)
✔ un fix nuevo a mitad de tramo arranca desde donde SE VE el marcador (2.1478ms)
✔ con prefers-reduced-motion no se interpola nada (0.2186ms)
✔ el jitter real del equipo quieto no dispara movimiento visible (1.3108ms)
✔ los sondeos espaciados del segundo plano no se vuelven la cadencia del reparto (0.5001ms)
✔ volver a primer plano: el fix siguiente se planta donde está, sin caminar desde el pasado (0.4893ms)
✔ resume conserva la guardia: un fix viejo o repetido después de volver no entra (0.2396ms)
✔ reset deja el motor como recién creado (0.187ms)
✔ el área operativa se traduce del contrato [lat,lng] al [lng,lat] de fitBounds (2.4249ms)
✔ el área operativa se ordena sola aunque las esquinas vengan cruzadas (0.2211ms)
✔ un área degenerada o inválida no es un encuadre (0.2849ms)
✔ el centro del área sirve para montar antes de poder encuadrar (0.2674ms)
✔ sin pedido el mapa monta con el local, sin rider, y encuadra la zona (4.0686ms)
✔ sin local ploteable el mapa no inventa un pin: encuadra igual y no marca nada (0.476ms)
✔ el pedido avanza cambiando capas: el mapa se monta UNA vez (2.77ms)
✔ mover un pin existente no lo recrea (0.892ms)
✔ las capas pedidas antes de que cargue el estilo se aplican al cargar (0.5897ms)
✔ al terminar el pedido el rider se retira y su halo queda vacío (1.0673ms)
✔ volver al estado sin pedido reencuadra la zona operativa (0.8148ms)
✔ el encuadre local–destino contiene a los dos y admite su propio zoom (0.7108ms)
✔ sin ubicación válida no hay marcador de rider, aunque el pedido tenga uno asignado (0.6769ms)
✔ con rider asignado y fix válido aparece la moto, y desasignarlo se la lleva entera (0.9567ms)
✔ los pines se cuelgan por su punta y en la coordenada exacta que reciben (0.6655ms)
✔ frameArea no hace nada con un área que no delimita (0.3456ms)
✔ el mapa caído dice lo que corresponde a SU estado, no una frase prestada (0.4438ms)
✔ sin copia declarada, el mapa caído conserva la frase por defecto (0.2829ms)
✔ presentation absorbs metre jitter but keeps the real measurement and freshness (4.3685ms)
✔ presentation never replays a delayed fix or a background route, even with smoothing enabled (0.617ms)
✔ reproduce el cierre P1: delivered revoca el token antes del siguiente poll (2.9256ms)
✔ el contrato corregido exige una ventana terminal separada de revoked_at (0.8938ms)
✔ el trigger terminal purga inmediatamente el GPS exacto del pedido (0.6269ms)
✔ el trigger terminal no convierte el cierre operativo en revocación de seguridad (0.3629ms)
✔ la ventana terminal queda acotada por la expiración general del token (0.233ms)
✔ la lectura pública sigue ligada al hash y al mismo pedido (0.3691ms)
✔ un token ausente o un identificador vacío devuelve cero datos (0.2145ms)
✔ la revocación manual continúa siendo inmediata y prevalece sobre la ventana (0.2922ms)
✔ un token terminal vencido queda fail-closed sin cron ni reactivación (0.3406ms)
✔ la expiración general continúa siendo obligatoria en estados activos y terminales (0.3075ms)
✔ delivered no devuelve mapa, ubicación ni código de entrega activo (0.4328ms)
✔ arrived conserva el código únicamente antes de su confirmación (0.3885ms)
✔ el DTO terminal es mínimo y no incorpora PII ni IDs administrativos (0.5337ms)
✔ cancelación y rechazo conservan el mismo cierre público acotado ya soportado por producto (0.417ms)
✔ el backfill nunca revive tokens ya revocados (0.3223ms)
✔ la función pública conserva search_path cerrado y permisos mínimos (0.5273ms)
✔ GPS posterior y mutaciones posteriores a delivered siguen bloqueados por contratos existentes (0.3113ms)
✔ el frontend conserva el handoff terminal para recargar dentro de la ventana (0.6657ms)
✔ delivered reemplaza polling frecuente por un timer terminal desmontable (0.8062ms)
✔ la pantalla final usa copy entregado, timeline de cuatro pasos y oculta el código (1.1352ms)
✔ al terminar el pedido desaparece el rider, no el mapa (0.6296ms)
ℹ tests 100
ℹ suites 0
ℹ pass 100
ℹ fail 0
ℹ cancelled 0
ℹ skipped 0
ℹ todo 0
ℹ duration_ms 328.6981
