✔ route selection covers Neuquén and Cipolletti demo routes (0.8713ms)
✔ street test destinations expose demo labels and route points (0.2141ms)
✔ route progress interpolates through real coordinates (0.6959ms)
✔ rider location parser normalizes GPS metadata and rejects invalid points (0.2083ms)
✔ GPS quality filters reject invalid, stale, inaccurate and impossible fixes (0.4011ms)
✔ GPS policy reduces writes but still publishes max-age and status changes (0.2794ms)
✔ GPS policy accepts good fixes and rejects weak replacements or jumps (0.1673ms)
✔ map fallback is explicit for unsupported WebGL, style and tile failures (3.143ms)
✔ MapLibre uses the public light OpenFreeMap style (0.1236ms)
✔ rider marker class reflects status and source (0.4624ms)
✔ el pin del local dice COMERCIO: bordó, aro dorado y una vitrina blanca (0.3644ms)
✔ el pin del destino dice CASA: dorado, aro blanco y techo a dos aguas (0.2165ms)
✔ local, destino y rider no comparten ni glifo ni color: se distinguen sin leer (0.2596ms)
✔ cambiar el glifo no mueve el punto: los dos pines conservan silueta y lienzo (0.1864ms)
✔ rider avatar keeps a profile helmet separate from the map marker (0.2365ms)
✔ chooseRiderLocation prioriza GPS real sobre simulación (0.14ms)
✔ chooseRiderLocation returns to simulation only when GPS is stale (0.0972ms)
✔ chooseRiderLocation usa el fix más nuevo si la fuente es la misma (0.0776ms)
✔ chooseRiderLocation ignora coordenadas inválidas y soporta nulls (0.0743ms)
✔ hasLiveRiderLocation solo es true con GPS real y reciente (0.1785ms)
✔ un último fix fresco se comparte sin presentarse como seguimiento activo (0.1157ms)
✔ isLocationStale marca como vieja una ubicación pasada el umbral (0.0776ms)
✔ shouldRenderLocationUpdate throttles tiny visual updates (0.1576ms)
✔ shouldRenderGpsFix throttles noisy marker updates (0.1576ms)
✔ MapLibre keeps one map and one rider Marker node across GPS updates (24.189ms)
✔ el gesto del cliente suspende el seguimiento y el mapa deja de mover la cámara (0.7255ms)
✔ volver a primer plano planta el fix siguiente en vez de caminar desde el pasado (0.7927ms)
✔ control: sin volver de segundo plano, ese mismo fix se recorre (no se planta) (0.5916ms)
✔ volver al rider recupera cámara, zoom útil y seguimiento (0.454ms)
✔ el halo de precisión dibuja los metros que informa el fix (0.4336ms)
✔ sin precisión informada no se dibuja ningún halo (0.3493ms)
✔ el círculo de precisión mide en metros reales, no en píxeles (0.1153ms)
✔ perder frescura conserva al rider en su última posición conocida (0.3361ms)
✔ sandbox mounts one verified route source while production stays rider-only (0.6612ms)
✔ rider map uses the light commercial MapLibre style (9.6585ms)
✔ without a real GPS fix the map renders no rider marker (15.2602ms)
✔ presentation absorbs metre jitter but keeps the real measurement and freshness (2.4619ms)
✔ presentation never replays a delayed fix or a background route, even with smoothing enabled (0.3322ms)
✔ reproduce el cierre P1: delivered revoca el token antes del siguiente poll (1.6475ms)
✔ el contrato corregido exige una ventana terminal separada de revoked_at (0.4513ms)
✔ el trigger terminal purga inmediatamente el GPS exacto del pedido (0.3213ms)
✔ el trigger terminal no convierte el cierre operativo en revocación de seguridad (0.3755ms)
✔ la ventana terminal queda acotada por la expiración general del token (0.1366ms)
✔ la lectura pública sigue ligada al hash y al mismo pedido (0.2903ms)
✔ un token ausente o un identificador vacío devuelve cero datos (0.1322ms)
✔ la revocación manual continúa siendo inmediata y prevalece sobre la ventana (0.1681ms)
✔ un token terminal vencido queda fail-closed sin cron ni reactivación (0.1988ms)
✔ la expiración general continúa siendo obligatoria en estados activos y terminales (0.2264ms)
✔ delivered no devuelve mapa, ubicación ni código de entrega activo (0.2621ms)
✔ arrived conserva el código únicamente antes de su confirmación (0.178ms)
✔ el DTO terminal es mínimo y no incorpora PII ni IDs administrativos (0.3098ms)
✔ cancelación y rechazo conservan el mismo cierre público acotado ya soportado por producto (0.191ms)
✔ el backfill nunca revive tokens ya revocados (0.1718ms)
✔ la función pública conserva search_path cerrado y permisos mínimos (0.2626ms)
✔ GPS posterior y mutaciones posteriores a delivered siguen bloqueados por contratos existentes (0.2014ms)
✔ el frontend conserva el handoff terminal para recargar dentro de la ventana (0.4071ms)
✔ delivered reemplaza polling frecuente por un timer terminal desmontable (0.3395ms)
✔ la pantalla final usa copy entregado, timeline de cuatro pasos y oculta el código (0.5543ms)
✔ al terminar el pedido desaparece el rider, no el mapa (0.2786ms)
ℹ tests 59
ℹ suites 0
ℹ pass 59
ℹ fail 0
ℹ cancelled 0
ℹ skipped 0
ℹ todo 0
ℹ duration_ms 200.6925
