✔ un error de estilo avisa al consumidor para reemplazar el canvas (2.4035ms)
✔ route selection covers Neuquén and Cipolletti demo routes (0.8677ms)
✔ street test destinations expose demo labels and route points (0.2061ms)
✔ route progress interpolates through real coordinates (0.698ms)
✔ rider location parser normalizes GPS metadata and rejects invalid points (0.2235ms)
✔ GPS quality filters reject invalid, stale, inaccurate and impossible fixes (0.3952ms)
✔ GPS policy reduces writes but still publishes max-age and status changes (0.2713ms)
✔ GPS policy accepts good fixes and rejects weak replacements or jumps (0.1634ms)
✔ map fallback is explicit for unsupported WebGL, style and tile failures (3.0767ms)
✔ MapLibre uses the public light OpenFreeMap style (0.1239ms)
✔ rider marker class reflects status and source (0.5128ms)
✔ el pin del local dice COMERCIO: bordó, aro dorado y una vitrina blanca (0.3568ms)
✔ el pin del destino dice CASA: dorado, aro blanco y techo a dos aguas (0.3021ms)
✔ local, destino y rider no comparten ni glifo ni color: se distinguen sin leer (0.2899ms)
✔ cambiar el glifo no mueve el punto: los dos pines conservan silueta y lienzo (0.1926ms)
✔ rider avatar keeps a profile helmet separate from the map marker (0.236ms)
✔ chooseRiderLocation prioriza GPS real sobre simulación (0.1402ms)
✔ chooseRiderLocation returns to simulation only when GPS is stale (0.1002ms)
✔ chooseRiderLocation usa el fix más nuevo si la fuente es la misma (0.086ms)
✔ chooseRiderLocation ignora coordenadas inválidas y soporta nulls (0.082ms)
✔ hasLiveRiderLocation solo es true con GPS real y reciente (0.176ms)
✔ un último fix fresco se comparte sin presentarse como seguimiento activo (0.1176ms)
✔ isLocationStale marca como vieja una ubicación pasada el umbral (0.0805ms)
✔ shouldRenderLocationUpdate throttles tiny visual updates (0.1491ms)
✔ shouldRenderGpsFix throttles noisy marker updates (0.1488ms)
✖ MapLibre keeps one map and one rider Marker node across GPS updates (14.5895ms)
✖ el gesto del cliente suspende el seguimiento y el mapa deja de mover la cámara (0.9838ms)
✔ volver a primer plano planta el fix siguiente en vez de caminar desde el pasado (1.7451ms)
✔ control: sin volver de segundo plano, ese mismo fix se recorre (no se planta) (0.5523ms)
✖ volver al rider recupera cámara, zoom útil y seguimiento (0.456ms)
✔ el halo de precisión dibuja los metros que informa el fix (0.4015ms)
✔ sin precisión informada no se dibuja ningún halo (0.3307ms)
✔ el círculo de precisión mide en metros reales, no en píxeles (0.1223ms)
✔ perder frescura conserva al rider en su última posición conocida (0.2982ms)
✖ sandbox mounts one verified route source while production stays rider-only (0.5757ms)
✔ rider map uses the light commercial MapLibre style (19.5865ms)
✔ without a real GPS fix the map renders no rider marker (15.3079ms)
✔ un fix con coordenadas inválidas no entra (1.1679ms)
✔ un fix con el reloj adelantado no entra (0.9408ms)
✔ un fix más viejo que el último aceptado no entra (0.1632ms)
✔ un fix con precisión fuera de rango no entra (0.1311ms)
✔ un salto a velocidad imposible no entra (0.7188ms)
✔ un fix feo pero posible SÍ entra: la coordenada del backend es la verdad (0.1561ms)
✔ la duración del tramo sale de la cadencia real y queda acotada (0.1276ms)
✔ el easing arranca y frena suave (0.1675ms)
✔ el primer fix se planta sin animar: no hay de dónde venir (0.8998ms)
✔ entre dos fixes el marcador recorre el tramo en vez de teletransportarse (0.3221ms)
✔ la posición visual nunca se adelanta al último fix medido (0.2876ms)
✔ la posición medida y la visual son cosas distintas y no se contaminan (0.242ms)
✔ un salto largo converge acotado en vez de fingir un recorrido (0.2584ms)
✔ volver de una desconexión converge rápido en vez de recorrer el hueco (0.2277ms)
✔ el hueco de la reconexión no sube la vara para el fix siguiente (0.1763ms)
✔ un fix nuevo a mitad de tramo arranca desde donde SE VE el marcador (0.1912ms)
✔ con prefers-reduced-motion no se interpola nada (0.1285ms)
✔ el jitter real del equipo quieto no dispara movimiento visible (0.3131ms)
✔ los sondeos espaciados del segundo plano no se vuelven la cadencia del reparto (0.3012ms)
✔ volver a primer plano: el fix siguiente se planta donde está, sin caminar desde el pasado (0.3013ms)
✔ resume conserva la guardia: un fix viejo o repetido después de volver no entra (0.1589ms)
✔ reset deja el motor como recién creado (0.1242ms)
✔ el área operativa se traduce del contrato [lat,lng] al [lng,lat] de fitBounds (1.3349ms)
✔ el área operativa se ordena sola aunque las esquinas vengan cruzadas (0.1291ms)
✔ un área degenerada o inválida no es un encuadre (0.1875ms)
✔ el centro del área sirve para montar antes de poder encuadrar (0.1769ms)
✔ sin pedido el mapa monta con el local, sin rider, y encuadra la zona (3.5259ms)
✔ sin local ploteable el mapa no inventa un pin: encuadra igual y no marca nada (0.4661ms)
✔ el pedido avanza cambiando capas: el mapa se monta UNA vez (1.9363ms)
✔ mover un pin existente no lo recrea (0.5504ms)
✔ las capas pedidas antes de que cargue el estilo se aplican al cargar (0.5666ms)
✔ al terminar el pedido el rider se retira y su halo queda vacío (0.8749ms)
✔ volver al estado sin pedido reencuadra la zona operativa (0.6564ms)
✔ el encuadre local–destino contiene a los dos y admite su propio zoom (0.513ms)
✔ sin ubicación válida no hay marcador de rider, aunque el pedido tenga uno asignado (0.3247ms)
✔ con rider asignado y fix válido aparece la moto, y desasignarlo se la lleva entera (0.5129ms)
✔ los pines se cuelgan por su punta y en la coordenada exacta que reciben (0.3978ms)
✔ frameArea no hace nada con un área que no delimita (0.1926ms)
✔ el mapa caído dice lo que corresponde a SU estado, no una frase prestada (0.2793ms)
✔ sin copia declarada, el mapa caído conserva la frase por defecto (0.189ms)
ℹ tests 77
ℹ suites 0
ℹ pass 73
ℹ fail 4
ℹ cancelled 0
ℹ skipped 0
ℹ todo 0
ℹ duration_ms 234.9293

✖ failing tests:

test at tests\map.test.mjs:467:1
✖ MapLibre keeps one map and one rider Marker node across GPS updates (14.5895ms)
  AssertionError [ERR_ASSERTION]: Expected values to be strictly equal:

  false !== true

      at TestContext.<anonymous> (<repo>/tests/map.test.mjs:493:12)
      at async Test.run (node:internal/test_runner/test:1113:7)
      at async Test.processPendingSubtests (node:internal/test_runner/test:788:7) {
    generatedMessage: true,
    code: 'ERR_ASSERTION',
    actual: false,
    expected: true,
    operator: 'strictEqual',
    diff: 'simple'
  }

test at tests\map.test.mjs:569:1
✖ el gesto del cliente suspende el seguimiento y el mapa deja de mover la cámara (0.9838ms)
  AssertionError [ERR_ASSERTION]: la cámara acompaña
      at TestContext.<anonymous> (<repo>/tests/map.test.mjs:596:12)
      at Test.runInAsyncScope (node:async_hooks:214:14)
      at Test.run (node:internal/test_runner/test:1106:25)
      at Test.processPendingSubtests (node:internal/test_runner/test:788:18)
      at Test.postRun (node:internal/test_runner/test:1235:19)
      at Test.run (node:internal/test_runner/test:1163:12)
      at async Test.processPendingSubtests (node:internal/test_runner/test:788:7) {
    generatedMessage: false,
    code: 'ERR_ASSERTION',
    actual: false,
    expected: true,
    operator: '==',
    diff: 'simple'
  }

test at tests\map.test.mjs:664:1
✖ volver al rider recupera cámara, zoom útil y seguimiento (0.456ms)
  TypeError [Error]: Cannot read properties of undefined (reading 'center')
      at TestContext.<anonymous> (<repo>/tests/map.test.mjs:690:29)
      at Test.runInAsyncScope (node:async_hooks:214:14)
      at Test.run (node:internal/test_runner/test:1106:25)
      at Test.processPendingSubtests (node:internal/test_runner/test:788:18)
      at Test.postRun (node:internal/test_runner/test:1235:19)
      at Test.run (node:internal/test_runner/test:1163:12)
      at async Test.processPendingSubtests (node:internal/test_runner/test:788:7)

test at tests\map.test.mjs:812:1
✖ sandbox mounts one verified route source while production stays rider-only (0.5757ms)
  AssertionError [ERR_ASSERTION]: Expected values to be strictly equal:

  2 !== 3

      at TestContext.<anonymous> (<repo>/tests/map.test.mjs:849:12)
      at Test.runInAsyncScope (node:async_hooks:214:14)
      at Test.run (node:internal/test_runner/test:1106:25)
      at Test.processPendingSubtests (node:internal/test_runner/test:788:18)
      at Test.postRun (node:internal/test_runner/test:1235:19)
      at Test.run (node:internal/test_runner/test:1163:12)
      at async Test.processPendingSubtests (node:internal/test_runner/test:788:7) {
    generatedMessage: true,
    code: 'ERR_ASSERTION',
    actual: 2,
    expected: 3,
    operator: 'strictEqual',
    diff: 'simple'
  }
