after assigned chromium 390: captured map + card
after assigned chromium 430: captured map + card
after assigned chromium 1440: captured map + card
after assigned chromium 1920: captured map + card
after on_the_way chromium 390 zoom 11: captured map + marker
after on_the_way chromium 390 zoom 17: captured map + marker
after on_the_way chromium 390: captured map + card
after on_the_way chromium 430: captured map + card
after on_the_way chromium 1440: captured map + card
after on_the_way chromium 1920: captured map + card
after assigned webkit 390: captured map + card
after assigned webkit 430: captured map + card
after assigned webkit 1440: captured map + card
after assigned webkit 1920: captured map + card
after on_the_way webkit 390 zoom 11: captured map + marker
after on_the_way webkit 390 zoom 17: captured map + marker
after on_the_way webkit 390: captured map + card
after on_the_way webkit 430: captured map + card
after on_the_way webkit 1440: captured map + card
after on_the_way webkit 1920: captured map + card
